// 重构日志: 3a1d535d
// 重构日志: 41a34035
// 重构日志: 15731e5d
// 同步 ID: f2d746b1 @ Thu Jul 16 07:25:11 UTC 2026
// 重构日志: a2d167e3
// 重构日志: 2d431fb2
// 重构日志: 3f417b49
// 同步 ID: 57569030 @ Sat Jul 18 11:46:23 UTC 2026
// 重构日志: 15039b01
// 重构日志: daefe926
// 同步 ID: 99d292d1 @ Mon Jul 20 08:15:39 UTC 2026
// 重构日志: b482609b
// 同步 ID: 1bf627ce @ Wed Jul 22 09:56:21 UTC 2026
// 同步 ID: a45a79e7 @ Wed Jul 22 16:58:47 UTC 2026
// 重构日志: f4632690
// 同步 ID: 028e6f04 @ Thu Jul 23 15:32:40 UTC 2026
// 同步 ID: 1ff7601a @ Fri Jul 24 09:42:24 UTC 2026
// 重构日志: a32449f4
// 重构日志: 7b98f2e2
// 重构日志: 405b940e
// 同步 ID: 5e406ef4 @ Sun Jul 26 01:13:12 UTC 2026
// 同步 ID: 0370e144 @ Sun Jul 26 10:27:58 UTC 2026
// 同步 ID: 2b6b1eac @ Sun Jul 26 12:28:54 UTC 2026
// 重构日志: 8c3205e3
// 同步 ID: 30f46a11 @ Wed Jul 29 10:42:26 UTC 2026
// 重构日志: a92eed07
// 重构日志: 654ac38f
// 重构日志: ad48a327
// 同步 ID: b0a57683 @ Fri Jul 31 16:07:28 UTC 2026
// 同步 ID: 1fd2c848 @ Sat Aug  1 10:12:59 UTC 2026
// 重构日志: 9b21e1ac
